Currently Loaded Modulefiles:
 1) nvhpc/21.5         3) openmpi/nvhpc-21.5/4.1.1              
 2) cudatoolkit/11.1   4) hdf5/nvhpc-21.5/openmpi-4.1.1/1.10.6  
 ok1
 ok1
 ok1
 ok1
 ok1
  0   0   0   0
  0   0   0   0
  9   0   0   0
  8   0   0   0

  8   8   8   8   8   8   8   8   8
  8  16  24  32  40  48  56  64  72
  0   0   4   0
  0   0   0   0
  4   0   5   0
  8   0   8   0

  5   5   5   5   5   5   5   5   8
  5  10  15  20  25  30  35  40  72
  0   0   4   4
  0   4   0   4
  4   4   5   5
  4   4   4   4

 ok6
 ok2
 ok2
 ok2
 ok2
 ok3
 ok4
 ok5
 ok6
 ok3
 ok4
 ok5
 ok3
 ok3
 ok4
 ok5
 ok6
 ok4
 ok5
            1 ok7    16.00000000000000         0.000000000000000     
            1 ok8
            1 ok7    32.00000000000000         0.000000000000000     
            1 ok8
            1 ok7    48.00000000000000         0.000000000000000     
            1 ok8
            1 ok7    64.00000000000000         0.000000000000000     
            1 ok8
            1 ok7    80.00000000000000         0.000000000000000     
            1 ok8
 ok6
            0 ok7    16.00000000000000         0.000000000000000     
            0 ok8
            0 ok7    32.00000000000000         0.000000000000000     
            0 ok8
            0 ok7    48.00000000000000         0.000000000000000     
            0 ok8
            0 ok7    64.00000000000000         0.000000000000000     
            0 ok8
            0 ok7    80.00000000000000         0.000000000000000     
            0 ok8
            2 ok7    16.00000000000000         0.000000000000000     
            2 ok8
            2 ok7    32.00000000000000         0.000000000000000     
            2 ok8
            2 ok7    48.00000000000000         0.000000000000000     
            2 ok8
            2 ok7    64.00000000000000         0.000000000000000     
            2 ok8
            2 ok7    80.00000000000000         0.000000000000000     
            2 ok8
 ok6
            3 ok7    16.00000000000000         0.000000000000000     
            3 ok8
            3 ok7    32.00000000000000         0.000000000000000     
            3 ok8
            3 ok7    48.00000000000000         0.000000000000000     
            3 ok8
            3 ok7    64.00000000000000         0.000000000000000     
            3 ok8
            3 ok7    80.00000000000000         0.000000000000000     
            3 ok8
            0 ok7    96.00000000000000         0.000000000000000     
            0 ok8
            0 ok7    112.0000000000000         0.000000000000000     
            0 ok8
            0 ok7    128.0000000000000         0.000000000000000     
            0 ok8
            0 ok7    144.0000000000000         0.000000000000000     
            0 ok8
            0 ok7    160.0000000000000         0.000000000000000     
            0 ok8
            1 ok7    96.00000000000000         0.000000000000000     
            1 ok8
            1 ok7    112.0000000000000         0.000000000000000     
            1 ok8
            1 ok7    128.0000000000000         0.000000000000000     
            1 ok8
            1 ok7    144.0000000000000         0.000000000000000     
            1 ok8
            1 ok7    160.0000000000000         0.000000000000000     
            1 ok8
            2 ok7    96.00000000000000         0.000000000000000     
            2 ok8
            2 ok7    112.0000000000000         0.000000000000000     
            2 ok8
            2 ok7    128.0000000000000         0.000000000000000     
            2 ok8
            2 ok7    144.0000000000000         0.000000000000000     
            2 ok8
            2 ok7    160.0000000000000         0.000000000000000     
            2 ok8
            3 ok7    96.00000000000000         0.000000000000000     
            3 ok8
            3 ok7    112.0000000000000         0.000000000000000     
            3 ok8
            3 ok7    128.0000000000000         0.000000000000000     
            3 ok8
            3 ok7    144.0000000000000         0.000000000000000     
            3 ok8
            3 ok7    160.0000000000000         0.000000000000000     
            3 ok8
