Currently Loaded Modulefiles:
 1) nvhpc/21.5         3) openmpi/nvhpc-21.5/4.1.1              
 2) cudatoolkit/11.1   4) hdf5/nvhpc-21.5/openmpi-4.1.1/1.10.6  
 ok1
[della-i14g9:380165] *** An error occurred in MPI_Group_excl
[della-i14g9:380165] *** reported by process [3879862273,0]
[della-i14g9:380165] *** on communicator MPI_COMM_WORLD
[della-i14g9:380165] *** MPI_ERR_RANK: invalid rank
[della-i14g9:380165] *** MPI_ERRORS_ARE_FATAL (processes in this communicator will now abort,
[della-i14g9:380165] ***    and potentially your MPI job)
[della-i14g9:380155] PMIX ERROR: UNREACHABLE in file server/pmix_server.c at line 2198
 ok1
 ok1
 ok1
[della-i14g9:380155] 3 more processes have sent help message help-mpi-errors.txt / mpi_errors_are_fatal
[della-i14g9:380155] Set MCA parameter "orte_base_help_aggregate" to 0 to see all help / error messages
